> Task :checkKotlinGradlePluginConfigurationErrors

> Task :compileKotlin FAILED
./gradlew : e: file:///C:/Vse/kodovani/second-brain-rag/
src/main/kotlin/org/example/secondbrainrag/infrastructur
e/web/DocumentController.kt:11:35 Unresolved reference: 
IngestionService
At line:1 char:1
+ ./gradlew compileKotlin --console=plain > build_output
.txt 2>&1
+ ~~~~~~~~~~~~~~~~~~~~~~~~~~~~~~~~~~~~~~~~~~~~~~~~~~~~~~
~~~~~~~~~
    + CategoryInfo          : NotSpecified: (e: file:// 
   /C:/V...ngestionService:String) [], RemoteException
    + FullyQualifiedErrorId : NativeCommandError
 

FAILURE: Build failed with an exception.

* What went wrong:
Execution failed for task ':compileKotlin'.
> A failure occurred while executing org.jetbrains.kotli
n.compilerRunner.GradleCompilerRunnerWithWorkers$GradleK
otlinCompilerWorkAction
   > Compilation error. See log for more details

* Try:
> Run with --stacktrace option to get the stack trace.
> Run with --info or --debug option to get more log outp
ut.
> Run with --scan to get full insights.
> Get more help at https://help.gradle.org.

Deprecated Gradle features were used in this build, making it incompatible with Gradle 9.0.

You can use '--warning-mode all' to show the individual deprecation warnings and determine if they come from your own scripts or plugins.

For more on this, please refer to https://docs.gradle.org/8.10.2/userguide/command_line_interface.html#sec:command_line_warnings in the Gradle documentation.

BUILD FAILED in 3s
2 actionable tasks: 2 executed
